# Bad spawns : 1/05/2026 10:24:36 AM
# Format: X Y Z F Name

1455	3792	0	Sosaria	UnsentLetterClerk
3185	2585	0	Sosaria	UnsentLetterMiner
1458	3788	0	Sosaria	UnsentLetterThomas
2997	1061	0	Sosaria	UnsentLetterLina
2999	1064	0	Sosaria	UnsentLetterMara


# Bad spawns : 1/05/2026 10:55:52 AM
# Format: X Y Z F Name

1455	3792	0	Sosaria	UnsentLetterClerk
3185	2585	0	Sosaria	UnsentLetterMiner
1458	3788	0	Sosaria	UnsentLetterThomas
2997	1061	0	Sosaria	UnsentLetterLina
2999	1064	0	Sosaria	UnsentLetterMara


# Bad spawns : 6/05/2026 3:58:50 PM
# Format: X Y Z F Name

1455	3792	0	Sosaria	UnsentLetterClerk
3185	2585	0	Sosaria	UnsentLetterMiner
1458	3788	0	Sosaria	UnsentLetterThomas
2997	1061	0	Sosaria	UnsentLetterLina
2999	1064	0	Sosaria	UnsentLetterMara


# Bad spawns : 7/05/2026 10:37:08 PM
# Format: X Y Z F Name

1455	3792	0	Sosaria	UnsentLetterClerk
3185	2585	0	Sosaria	UnsentLetterMiner
1458	3788	0	Sosaria	UnsentLetterThomas
2997	1061	0	Sosaria	UnsentLetterLina
2999	1064	0	Sosaria	UnsentLetterMara


